// Jest Snapshot v1, https://goo.gl/fbAQLP

exports[`Navigation component render component 1`] = `
<div>
  <div
    class="container"
  >
    <button
      class="MuiButtonBase-root MuiButton-root MuiButton-contained MuiButton-containedPrimary MuiButton-sizeMedium MuiButton-containedSizeMedium MuiButton-fullWidth MuiButton-root MuiButton-contained MuiButton-containedPrimary MuiButton-sizeMedium MuiButton-containedSizeMedium MuiButton-fullWidth button css-1fu7jd5-MuiButtonBase-root-MuiButton-root"
      data-testid="left-btn"
      tabindex="0"
      type="button"
    >
      left
      <span
        class="MuiTouchRipple-root css-8je8zh-MuiTouchRipple-root"
      />
    </button>
    <button
      class="MuiButtonBase-root MuiButton-root MuiButton-contained MuiButton-containedPrimary MuiButton-sizeMedium MuiButton-containedSizeMedium MuiButton-fullWidth MuiButton-root MuiButton-contained MuiButton-containedPrimary MuiButton-sizeMedium MuiButton-containedSizeMedium MuiButton-fullWidth button css-1fu7jd5-MuiButtonBase-root-MuiButton-root"
      data-testid="right-btn"
      tabindex="0"
      type="button"
    >
      right
      <span
        class="MuiTouchRipple-root css-8je8zh-MuiTouchRipple-root"
      />
    </button>
  </div>
</div>
`;
